// Jest Snapshot v1, https://goo.gl/fbAQLP

exports[`<Home /> 1`] = `
<section
  class="section"
>
  <div
    class="container home"
    data-testid="homeTitle"
  >
    hello world
  </div>
  <br />
  <br />
  <br />
</section>
`;
